Done. All green on the final pass.

## Šta je urađeno

**Provera prethodnog koraka (prvo):** `typecheck` i `lint` su bili čisti, prod (`beautybymasha-mu.vercel.app`) vraća 200. Korak 02 nije ostavio ništa slomljeno — nastavio sam odmah sa svojim zadatkom.

**Šema** (`convex/schema.ts`) je nadograđena, ne prepisana: `...authTables` + prošireni `users` (role, loyaltyNumber, createdAt), `loyaltyRedemptions`, `productCategories`, `products`, `orders`, `inquiries`. Postojeće tabele zakazivanja netaknute.

**Tri stvari na koje si tražio da pazim:**

1. **Cene na serveru.** `orders.create` prima **isključivo `{ slug, qty }`** — cene u argumentima nema, pa se ne može ni poslati. Cena, popust proizvoda, poštarina i loyalty se računaju iz baze kroz `lib/shop.ts`. Test to napada direktno: šalje `priceRsd: 1` uz stavku (validator ga odbija), pa ispravnim pozivom potvrđuje punu cenu.
2. **Registracija = imejl + lozinka + potvrda.** Ništa više. Potvrda lozinke se proverava i na serveru, ne samo u formi. `ADMIN_KEY` je zadržan kao rezervni put, ali **samo dok u bazi ne postoji nijedan admin nalog** — čim se prvi napravi (registracija sa `OWNER_EMAIL`), ključ prestaje da važi. Svih 28 poziva `assertAdminKey` prevedeno na `await assertAdmin(ctx, key)`.
3. **`products.bulkUpsert`** uparuje po `sku`, ažurira samo poslata polja, dodaje nova, **ništa ne briše**. Neispravan red pada u `skipped` sa razlogom umesto da obori ceo uvoz.

**IPS QR:** portovan (`lib/ips.ts`, `lib/ips-purpose.ts`). Podaci primaoca su u `data/site.json` pod `payment` sa `[POTVRDITI]` oznakama — **broj računa je prazan, nije izmišljen**. Dok je prazan, `paymentMethod: "ips"` se odbija i sajt nudi samo pouzeće. Prava vrednost se u produkciji stavlja u env, ne u git.

**Testovi:** 21 nov (79 ukupno) — cena sa servera, 20% na 2000 = 1600, loyalty 10% jednom + upis redemption-a, stock se umanjuje / preko stanja pada, `bulkUpsert` → `{updated: 3, created: 2}`, tuđa porudžbina se ne vidi ni preko `byNumber` ni preko `mine`.

**Dev deployment** je zaseđen (144 usluge, 70 proizvoda) i ima postavljene `JWT_PRIVATE_KEY`, `JWKS`, `SITE_URL`, `ADMIN_KEY`.

## Dve stvari koje treba da znaš

- **`npm run build` je jednom pao** sa `worker exited with code: 3221226356` usred generisanja statičkih stranica. To je pad radnog procesa na Windows-u, ne greška u kodu — `rm -rf .next` pa ponovo prolazi, i prošao je dva puta zaredom posle toga. Zapisano u `docs/STATUS.md`.
- **Produkcijski Convex deployment nema ništa od ovoga** — treba `npx convex deploy` + env promenljive + `admin:init` i `admin:seedShop`. Tačne komande su u `docs/STATUS.md`, zajedno sa dev `ADMIN_KEY`-em i spiskom svih `[POTVRDITI]` stavki.

Browser nisam pokretao (nema još stranica za shop — to je korak 05), pa nema ničega da se gasi.


===== PROVERA: convex =====
▌ Developing against deployment:
▌ [Development] ckobasti77:beautybymasha:dev/jovan-milojevic (dev) (dashboard: https://dashboard.convex.dev/t/ckobasti77/beautybymasha/grand-bandicoot-904)
▌ └─ https://grand-bandicoot-904.eu-west-1.convex.cloud
- Preparing Convex functions...

[32m✔[39m 05:21:54 Convex functions ready! (1.03s)

===== PROVERA: typecheck =====

> beautybymasha@0.1.0 typecheck
> tsc --noEmit


===== PROVERA: lint =====

> beautybymasha@0.1.0 lint
> eslint


===== PROVERA: test =====

> beautybymasha@0.1.0 test
> vitest run


[1m[30m[46m RUN [49m[39m[22m [36mv5.0.0 [39m[90mC:/Users/admin/Desktop/Web Dev Projects/beautybymasha[39m

 [32m✓[39m lib/slots.test.ts [2m([22m[2m17 tests[22m[2m)[22m[32m 9[2mms[22m[39m
 [32m✓[39m lib/data.test.ts [2m([22m[2m13 tests[22m[2m)[22m[32m 15[2mms[22m[39m
[90mstdout[2m | convex/bookings.test.ts[2m > [22m[2mkapacitet[2m > [22m[2mtri manikira u 10:00 prolaze, ČETVRTI pada
[22m[39mnotify.newRequest: RESEND_API_KEY nije postavljen — preskačem mejl (Manikir, 2026-09-09 10:00–10:45)
notify.newRequest: RESEND_API_KEY nije postavljen — preskačem mejl (Manikir, 2026-09-09 10:00–10:45)
notify.newRequest: RESEND_API_KEY nije postavljen — preskačem mejl (Manikir, 2026-09-09 10:00–10:45)

[90mstdout[2m | convex/bookings.test.ts[2m > [22m[2mradno vreme dva lokala[2m > [22m[2mscheduleOverride kind=off gasi ceo dan, custom ga otvara
[22m[39mnotify.newRequest: RESEND_API_KEY nije postavljen — preskačem mejl (Manikir, 2026-09-09 10:00–10:45)

[90mstdout[2m | convex/bookings.test.ts[2m > [22m[2mradno vreme dva lokala[2m > [22m[2mscheduleOverride kind=off gasi ceo dan, custom ga otvara
[22m[39mnotify.newRequest: RESEND_API_KEY nije postavljen — preskačem mejl (Manikir, 2026-09-09 10:00–10:45)

[90mstdout[2m | convex/bookings.test.ts[2m > [22m[2mradno vreme dva lokala[2m > [22m[2mscheduleOverride kind=off gasi ceo dan, custom ga otvara
[22m[39mnotify.newRequest: RESEND_API_KEY nije postavljen — preskačem mejl (Manikir, 2026-09-09 10:00–10:45)

[90mstdout[2m | convex/bookings.test.ts[2m > [22m[2mradno vreme dva lokala[2m > [22m[2mscheduleOverride kind=off gasi ceo dan, custom ga otvara
[22m[39mnotify.newRequest: RESEND_API_KEY nije postavljen — preskačem mejl (Terapeutska masaza - 30 min, 2026-09-09 10:00–10:30)

[90mstdout[2m | convex/bookings.test.ts[2m > [22m[2mradno vreme dva lokala[2m > [22m[2mscheduleOverride kind=off gasi ceo dan, custom ga otvara
[22m[39mnotify.newRequest: RESEND_API_KEY nije postavljen — preskačem mejl (Farbanje obrva, 2026-09-09 10:00–10:15)

[90mstdout[2m | convex/bookings.test.ts[2m > [22m[2mradno vreme dva lokala[2m > [22m[2mscheduleOverride kind=off gasi ceo dan, custom ga otvara
[22m[39mnotify.newRequest: RESEND_API_KEY nije postavljen — preskačem mejl (Manikir, 2026-09-09 10:00–10:45)

[90mstdout[2m | convex/bookings.test.ts[2m > [22m[2mradno vreme dva lokala[2m > [22m[2mscheduleOverride kind=off gasi ceo dan, custom ga otvara
[22m[39mnotify.newRequest: RESEND_API_KEY nije postavljen — preskačem mejl (Manikir, 2026-09-09 10:00–10:45)

[90mstdout[2m | convex/bookings.test.ts[2m > [22m[2mradno vreme dva lokala[2m > [22m[2mscheduleOverride kind=off gasi ceo dan, custom ga otvara
[22m[39mnotify.newRequest: RESEND_API_KEY nije postavljen — preskačem mejl (Manikir, 2026-09-09 10:00–10:45)

[90mstdout[2m | convex/bookings.test.ts[2m > [22m[2mradno vreme dva lokala[2m > [22m[2mscheduleOverride kind=off gasi ceo dan, custom ga otvara
[22m[39mnotify.newRequest: RESEND_API_KEY nije postavljen — preskačem mejl (Manikir, 2026-09-09 10:00–10:45)

[90mstdout[2m | convex/bookings.test.ts[2m > [22m[2mradno vreme dva lokala[2m > [22m[2mscheduleOverride kind=off gasi ceo dan, custom ga otvara
[22m[39mnotify.newRequest: RESEND_API_KEY nije postavljen — preskačem mejl (Manikir, 2026-09-09 10:00–10:45)

[90mstdout[2m | convex/bookings.test.ts[2m > [22m[2mradno vreme dva lokala[2m > [22m[2mscheduleOverride kind=off gasi ceo dan, custom ga otvara
[22m[39mnotify.newRequest: RESEND_API_KEY nije postavljen — preskačem mejl (Terapeutska masaza - 30 min, 2026-09-09 10:00–10:30)

[90mstdout[2m | convex/bookings.test.ts[2m > [22m[2mradno vreme dva lokala[2m > [22m[2mscheduleOverride kind=off gasi ceo dan, custom ga otvara
[22m[39mnotify.newRequest: RESEND_API_KEY nije postavljen — preskačem mejl (Terapeutska masaza - 30 min, 2026-09-09 10:00–10:30)

[90mstdout[2m | convex/bookings.test.ts[2m > [22m[2mradno vreme dva lokala[2m > [22m[2mscheduleOverride kind=off gasi ceo dan, custom ga otvara
[22m[39mnotify.newRequest: RESEND_API_KEY nije postavljen — preskačem mejl (Terapeutska masaza - 30 min, 2026-09-09 10:00–10:30)

 [32m✓[39m convex/shop.test.ts [2m([22m[2m21 tests[22m[2m)[22m[33m 606[2mms[22m[39m
[90mstdout[2m | convex/bookings.test.ts
[22m[39mnotify.newRequest: RESEND_API_KEY nije postavljen — preskačem mejl (Manikir, 2026-09-09 10:00–10:45)

[90mstdout[2m | convex/bookings.test.ts
[22m[39mnotify.newRequest: RESEND_API_KEY nije postavljen — preskačem mejl (Manikir, 2026-09-09 11:00–11:45)

[90mstdout[2m | convex/bookings.test.ts
[22m[39mnotify.newRequest: RESEND_API_KEY nije postavljen — preskačem mejl (Manikir, 2026-09-09 13:00–13:45)

[90mstdout[2m | convex/bookings.test.ts
[22m[39mnotify.newRequest: RESEND_API_KEY nije postavljen — preskačem mejl (Manikir, 2026-09-09 15:00–15:45)

[90mstdout[2m | convex/bookings.test.ts
[22m[39mnotify.newRequest: RESEND_API_KEY nije postavljen — preskačem mejl (Manikir, 2026-09-09 10:00–10:45)

[90mstdout[2m | convex/bookings.test.ts
[22m[39mnotify.newRequest: RESEND_API_KEY nije postavljen — preskačem mejl (Terapeutska masaza - 30 min, 2026-09-09 10:00–10:30)

[90mstdout[2m | convex/bookings.test.ts
[22m[39mnotify.newRequest: RESEND_API_KEY nije postavljen — preskačem mejl (Terapeutska masaza - 30 min, 2026-09-09 14:00–14:30)

[90mstdout[2m | convex/bookings.test.ts
[22m[39mnotify.newRequest: RESEND_API_KEY nije postavljen — preskačem mejl (Manikir, 2026-09-09 10:00–10:45)

[90mstdout[2m | convex/bookings.test.ts
[22m[39mnotify.newRequest: RESEND_API_KEY nije postavljen — preskačem mejl (Manikir, 2026-09-09 10:00–10:45)

[90mstdout[2m | convex/bookings.test.ts
[22m[39mnotify.newRequest: RESEND_API_KEY nije postavljen — preskačem mejl (Manikir, 2026-09-09 10:00–10:45)

[90mstdout[2m | convex/bookings.test.ts
[22m[39mnotify.newRequest: RESEND_API_KEY nije postavljen — preskačem mejl (Manikir, 2026-09-09 10:00–10:45)

[90mstdout[2m | convex/bookings.test.ts
[22m[39mnotify.newRequest: RESEND_API_KEY nije postavljen — preskačem mejl (Terapeutska masaza - 30 min, 2026-09-09 10:00–10:30)

[90mstdout[2m | convex/bookings.test.ts
[22m[39mnotify.newRequest: RESEND_API_KEY nije postavljen — preskačem mejl (Terapeutska masaza - 30 min, 2026-09-09 10:00–10:30)

[90mstdout[2m | convex/bookings.test.ts
[22m[39mnotify.newRequest: RESEND_API_KEY nije postavljen — preskačem mejl (Manikir, 2026-09-09 10:00–10:45)

 [32m✓[39m convex/bookings.test.ts [2m([22m[2m28 tests[22m[2m)[22m[33m 737[2mms[22m[39m

[2m Test Files [22m [1m[32m4 passed[39m[22m[90m (4)[39m
[2m      Tests [22m [1m[32m79 passed[39m[22m[90m (79)[39m
[2m   Start at [22m 05:21:59
[2m   Duration [22m 1.34s[2m (tests 48%, import 34%, transform 15%, environment 3%, worker 1%)[22m


===== PROVERA: build =====

> beautybymasha@0.1.0 build
> next build

▲ Next.js 16.3.4 (Turbopack)
- Environments: .env.local
✓ Running next.config.ts took 22ms

  Creating an optimized production build ...
✓ Compiled successfully in 655ms
  Running TypeScript ...
  Finished TypeScript in 1590ms ...
  Collecting page data using 6 workers ...
  Generating static pages using 6 workers (0/5) ...
  Generating static pages using 6 workers (1/5) 
  Generating static pages using 6 workers (2/5) 
  Generating static pages using 6 workers (3/5) 
✓ Generating static pages using 6 workers (5/5) in 617ms
  Finalizing page optimization ...

Route (app)
┌ ○ /
├ ○ /_not-found
├ ○ /apple-icon
└ ○ /icon


○  (Static)  prerendered as static content

