Admin panel is done. Dev server is off, port 3001 free.

**Previous step check (first 10 min):** typecheck, lint, and prod were all clean — nothing to fix. `/zakazivanje` returning 404 in prod is correct; the booking wizard is an anchor on the landing page, not a route.

## What shipped

All 12 tabs from `docs/ADMIN.md`, ~5.300 lines across `components/admin/` + `app/admin/`. The four load-bearing ones:

- **Danas** — summary line, location switch, day grouped by resource, tap → sheet with Pozovi/Viber/Pomeri/Otkaži, revenue in three figures, no chart.
- **Kalendar** — week per location with **lanes per resource**; overlapping bookings split the lane width (three manicures at 10:00 are three narrow blocks). Phone shows one day + week strip with swipe; `lg+` shows the full week. Tap empty space writes a booking or a break.
- **Proizvodi** — the import: file → column mapping (auto-guessed) → 20-row preview → `3 ažurirano · 1 novo · 1 preskočeno` with reasons. Plus CSV export, bulk price/discount/visibility, mass image upload matched by filename.
- **Loyalty** — search by card/name/phone/email, QR scanner with manual entry as a full equal fallback, `Iskoristi 10%`.

## Two bugs the browser pass caught

1. **`xlsx` was eating Serbian prices.** With `raw: true` it parsed `2.190,00` as **2,19** — the whole price list would have silently gone two-digit. Fixed with `raw: false`, covered by tests.
2. **Catalog entry ran 1,5 s** over 70 cards, past the MOTION.md ceiling, leaving cards at `opacity: 0`. `AdminReveal` now uses `stagger: { amount }`.

Verified end to end against live dev Convex with a real spreadsheet: prices landed as 2190/2290/1850, the priceless row was skipped with a reason, and an **empty stock cell did not overwrite the existing value**. Test data purged, catalog restored.

## One deviation you should read

The spec asks for server-side protection on `/admin`. You get `noindex` from the server plus `assertAdmin`/`assertStaff` on every single query and mutation — no data reaches an unauthorized client either way. True SSR gating needs swapping `ConvexAuthProvider` for `ConvexAuthNextjsProvider` + middleware, which moves the token from localStorage to cookies and touches the sign-in flow step 05 verified working. I didn't do that mid-step; it's written up in `docs/STATUS.md` as its own task.

Also open: `OWNER_EMAIL` isn't set on dev or prod — set it before handing her the panel, or she can't become admin. And `data/site.json` has "Ljubicica" without diacritics, visible on the public site too; I left `data/*.json` alone since another session edits those.

Checks: `convex dev --once`, `typecheck`, `lint` (zero warnings), `116 tests`, `build` — all pass. Zero horizontal overflow and zero invisible text on all 12 tabs at both widths.


===== PROVERA: convex =====
▌ Developing against deployment:
▌ [Development] ckobasti77:beautybymasha:dev/jovan-milojevic (dev) (dashboard: https://dashboard.convex.dev/t/ckobasti77/beautybymasha/grand-bandicoot-904)
▌ └─ https://grand-bandicoot-904.eu-west-1.convex.cloud
- Preparing Convex functions...

[32m✔[39m 07:24:56 Convex functions ready! (1.05s)

===== PROVERA: typecheck =====

> beautybymasha@0.1.0 typecheck
> tsc --noEmit


===== PROVERA: lint =====

> beautybymasha@0.1.0 lint
> eslint


===== PROVERA: test =====

> beautybymasha@0.1.0 test
> vitest run


[1m[30m[46m RUN [49m[39m[22m [36mv5.0.0 [39m[90mC:/Users/admin/Desktop/Web Dev Projects/beautybymasha[39m

 [32m✓[39m lib/slots.test.ts [2m([22m[2m17 tests[22m[2m)[22m[32m 8[2mms[22m[39m
 [32m✓[39m lib/cart.test.ts [2m([22m[2m12 tests[22m[2m)[22m[32m 6[2mms[22m[39m
 [32m✓[39m components/admin/tabs/importFormat.test.ts [2m([22m[2m18 tests[22m[2m)[22m[32m 7[2mms[22m[39m
 [32m✓[39m lib/data.test.ts [2m([22m[2m13 tests[22m[2m)[22m[32m 15[2mms[22m[39m
[90mstdout[2m | convex/bookings.test.ts[2m > [22m[2mkapacitet[2m > [22m[2mtri manikira u 10:00 prolaze, ČETVRTI pada
[22m[39mnotify.newRequest: RESEND_API_KEY nije postavljen — preskačem mejl (Manikir, 2026-09-09 10:00–10:45)
notify.newRequest: RESEND_API_KEY nije postavljen — preskačem mejl (Manikir, 2026-09-09 10:00–10:45)
notify.newRequest: RESEND_API_KEY nije postavljen — preskačem mejl (Manikir, 2026-09-09 10:00–10:45)

[90mstdout[2m | convex/bookings.test.ts[2m > [22m[2mradno vreme dva lokala[2m > [22m[2mscheduleOverride kind=off gasi ceo dan, custom ga otvara
[22m[39mnotify.newRequest: RESEND_API_KEY nije postavljen — preskačem mejl (Manikir, 2026-09-09 10:00–10:45)

[90mstdout[2m | convex/bookings.test.ts[2m > [22m[2mradno vreme dva lokala[2m > [22m[2mscheduleOverride kind=off gasi ceo dan, custom ga otvara
[22m[39mnotify.newRequest: RESEND_API_KEY nije postavljen — preskačem mejl (Manikir, 2026-09-09 10:00–10:45)

[90mstdout[2m | convex/bookings.test.ts[2m > [22m[2mradno vreme dva lokala[2m > [22m[2mscheduleOverride kind=off gasi ceo dan, custom ga otvara
[22m[39mnotify.newRequest: RESEND_API_KEY nije postavljen — preskačem mejl (Manikir, 2026-09-09 10:00–10:45)

[90mstdout[2m | convex/bookings.test.ts[2m > [22m[2mradno vreme dva lokala[2m > [22m[2mscheduleOverride kind=off gasi ceo dan, custom ga otvara
[22m[39mnotify.newRequest: RESEND_API_KEY nije postavljen — preskačem mejl (Terapeutska masaza - 30 min, 2026-09-09 10:00–10:30)

[90mstdout[2m | convex/bookings.test.ts[2m > [22m[2mradno vreme dva lokala[2m > [22m[2mscheduleOverride kind=off gasi ceo dan, custom ga otvara
[22m[39mnotify.newRequest: RESEND_API_KEY nije postavljen — preskačem mejl (Farbanje obrva, 2026-09-09 10:00–10:15)

[90mstdout[2m | convex/bookings.test.ts[2m > [22m[2mradno vreme dva lokala[2m > [22m[2mscheduleOverride kind=off gasi ceo dan, custom ga otvara
[22m[39mnotify.newRequest: RESEND_API_KEY nije postavljen — preskačem mejl (Manikir, 2026-09-09 10:00–10:45)

[90mstdout[2m | convex/bookings.test.ts[2m > [22m[2mradno vreme dva lokala[2m > [22m[2mscheduleOverride kind=off gasi ceo dan, custom ga otvara
[22m[39mnotify.newRequest: RESEND_API_KEY nije postavljen — preskačem mejl (Manikir, 2026-09-09 10:00–10:45)

[90mstdout[2m | convex/bookings.test.ts[2m > [22m[2mradno vreme dva lokala[2m > [22m[2mscheduleOverride kind=off gasi ceo dan, custom ga otvara
[22m[39mnotify.newRequest: RESEND_API_KEY nije postavljen — preskačem mejl (Manikir, 2026-09-09 10:00–10:45)

[90mstdout[2m | convex/bookings.test.ts[2m > [22m[2mradno vreme dva lokala[2m > [22m[2mscheduleOverride kind=off gasi ceo dan, custom ga otvara
[22m[39mnotify.newRequest: RESEND_API_KEY nije postavljen — preskačem mejl (Manikir, 2026-09-09 10:00–10:45)

[90mstdout[2m | convex/bookings.test.ts[2m > [22m[2mradno vreme dva lokala[2m > [22m[2mscheduleOverride kind=off gasi ceo dan, custom ga otvara
[22m[39mnotify.newRequest: RESEND_API_KEY nije postavljen — preskačem mejl (Manikir, 2026-09-09 10:00–10:45)

[90mstdout[2m | convex/bookings.test.ts[2m > [22m[2mradno vreme dva lokala[2m > [22m[2mscheduleOverride kind=off gasi ceo dan, custom ga otvara
[22m[39mnotify.newRequest: RESEND_API_KEY nije postavljen — preskačem mejl (Terapeutska masaza - 30 min, 2026-09-09 10:00–10:30)

[90mstdout[2m | convex/bookings.test.ts[2m > [22m[2mradno vreme dva lokala[2m > [22m[2mscheduleOverride kind=off gasi ceo dan, custom ga otvara
[22m[39mnotify.newRequest: RESEND_API_KEY nije postavljen — preskačem mejl (Terapeutska masaza - 30 min, 2026-09-09 10:00–10:30)

[90mstdout[2m | convex/bookings.test.ts[2m > [22m[2mradno vreme dva lokala[2m > [22m[2mscheduleOverride kind=off gasi ceo dan, custom ga otvara
[22m[39mnotify.newRequest: RESEND_API_KEY nije postavljen — preskačem mejl (Terapeutska masaza - 30 min, 2026-09-09 10:00–10:30)

[90mstdout[2m | convex/shop.test.ts[2m > [22m[2mkontakt forma[2m > [22m[2mprima poruku, odbija prekratku i ograničava slanje
[22m[39mnotify.newOrder: RESEND_API_KEY nije postavljen — preskačem mejl (BM-2609-0001)
notify.newOrder: RESEND_API_KEY nije postavljen — preskačem mejl (BM-2609-0001)
notify.newOrder: RESEND_API_KEY nije postavljen — preskačem mejl (BM-2609-0001)
notify.newOrder: RESEND_API_KEY nije postavljen — preskačem mejl (BM-2609-0002)
notify.newOrder: RESEND_API_KEY nije postavljen — preskačem mejl (BM-2609-0001)
notify.newOrder: RESEND_API_KEY nije postavljen — preskačem mejl (BM-2609-0001)
notify.newOrder: RESEND_API_KEY nije postavljen — preskačem mejl (BM-2609-0001)
notify.newOrder: RESEND_API_KEY nije postavljen — preskačem mejl (BM-2609-0002)
notify.newOrder: RESEND_API_KEY nije postavljen — preskačem mejl (BM-2609-0001)
notify.newOrder: RESEND_API_KEY nije postavljen — preskačem mejl (BM-2609-0001)
notify.newOrder: RESEND_API_KEY nije postavljen — preskačem mejl (BM-2609-0001)
notify.newOrder: RESEND_API_KEY nije postavljen — preskačem mejl (BM-2609-0001)
notify.newOrder: RESEND_API_KEY nije postavljen — preskačem mejl (BM-2609-0002)
notify.newOrder: RESEND_API_KEY nije postavljen — preskačem mejl (BM-2609-0003)

[90mstdout[2m | convex/shop.test.ts
[22m[39mnotify.newOrder: RESEND_API_KEY nije postavljen — preskačem mejl (BM-2609-0001)

 [32m✓[39m convex/shop.test.ts [2m([22m[2m28 tests[22m[2m)[22m[33m 660[2mms[22m[39m
[90mstdout[2m | convex/bookings.test.ts
[22m[39mnotify.newRequest: RESEND_API_KEY nije postavljen — preskačem mejl (Manikir, 2026-09-09 10:00–10:45)

[90mstdout[2m | convex/bookings.test.ts
[22m[39mnotify.newRequest: RESEND_API_KEY nije postavljen — preskačem mejl (Manikir, 2026-09-09 11:00–11:45)

[90mstdout[2m | convex/bookings.test.ts
[22m[39mnotify.newRequest: RESEND_API_KEY nije postavljen — preskačem mejl (Manikir, 2026-09-09 13:00–13:45)

[90mstdout[2m | convex/bookings.test.ts
[22m[39mnotify.newRequest: RESEND_API_KEY nije postavljen — preskačem mejl (Manikir, 2026-09-09 15:00–15:45)

[90mstdout[2m | convex/bookings.test.ts
[22m[39mnotify.newRequest: RESEND_API_KEY nije postavljen — preskačem mejl (Manikir, 2026-09-09 10:00–10:45)

[90mstdout[2m | convex/bookings.test.ts
[22m[39mnotify.newRequest: RESEND_API_KEY nije postavljen — preskačem mejl (Terapeutska masaza - 30 min, 2026-09-09 10:00–10:30)

[90mstdout[2m | convex/bookings.test.ts
[22m[39mnotify.newRequest: RESEND_API_KEY nije postavljen — preskačem mejl (Terapeutska masaza - 30 min, 2026-09-09 14:00–14:30)

[90mstdout[2m | convex/bookings.test.ts
[22m[39mnotify.newRequest: RESEND_API_KEY nije postavljen — preskačem mejl (Manikir, 2026-09-09 10:00–10:45)

[90mstdout[2m | convex/bookings.test.ts
[22m[39mnotify.newRequest: RESEND_API_KEY nije postavljen — preskačem mejl (Manikir, 2026-09-09 10:00–10:45)

[90mstdout[2m | convex/bookings.test.ts
[22m[39mnotify.newRequest: RESEND_API_KEY nije postavljen — preskačem mejl (Manikir, 2026-09-09 10:00–10:45)

[90mstdout[2m | convex/bookings.test.ts
[22m[39mnotify.newRequest: RESEND_API_KEY nije postavljen — preskačem mejl (Manikir, 2026-09-09 10:00–10:45)

[90mstdout[2m | convex/bookings.test.ts
[22m[39mnotify.newRequest: RESEND_API_KEY nije postavljen — preskačem mejl (Terapeutska masaza - 30 min, 2026-09-09 10:00–10:30)

[90mstdout[2m | convex/bookings.test.ts
[22m[39mnotify.newRequest: RESEND_API_KEY nije postavljen — preskačem mejl (Terapeutska masaza - 30 min, 2026-09-09 10:00–10:30)

[90mstdout[2m | convex/bookings.test.ts
[22m[39mnotify.newRequest: RESEND_API_KEY nije postavljen — preskačem mejl (Manikir, 2026-09-09 10:00–10:45)

 [32m✓[39m convex/bookings.test.ts [2m([22m[2m28 tests[22m[2m)[22m[33m 734[2mms[22m[39m

[2m Test Files [22m [1m[32m6 passed[39m[22m[90m (6)[39m
[2m      Tests [22m [1m[32m116 passed[39m[22m[90m (116)[39m
[2m   Start at [22m 07:25:08
[2m   Duration [22m 1.38s[2m (tests 42%, import 35%, transform 19%, environment 2%, worker 1%)[22m


===== PROVERA: build =====

> beautybymasha@0.1.0 build
> next build

▲ Next.js 16.3.4 (Turbopack)
- Environments: .env.local
✓ Running next.config.ts took 22ms

  Creating an optimized production build ...
✓ Compiled successfully in 2.5s
  Running TypeScript ...
  Finished TypeScript in 1755ms ...
  Collecting page data using 13 workers ...
  Generating static pages using 13 workers (0/80) ...
  Generating static pages using 13 workers (20/80) 
  Generating static pages using 13 workers (40/80) 
  Generating static pages using 13 workers (60/80) 
✓ Generating static pages using 13 workers (80/80) in 1112ms
  Finalizing page optimization ...

Route (app)
┌ ○ /
├ ○ /_not-found
├ ƒ /admin
├ ○ /apple-icon
├ ○ /icon
├ ○ /korpa
├ ○ /nalog
├ ○ /placanje
├ ○ /porudzbina
├ ○ /shop
└   /shop/[slug]
  ├ ● /shop/vintage
  ├ ● /shop/gumdrop
  ├ ● /shop/kiss-the-bride
  └ ● [+67 more paths]


○  (Static)   prerendered as static content
●  (SSG)      prerendered as static HTML (uses generateStaticParams)
ƒ  (Dynamic)  server-rendered on demand

