Gotovo. Dev server je ugašen, ništa nije deployovano, ništa nije commitovano.

## Provera prethodnog koraka
`typecheck` i `lint` su prošli pre ijedne izmene, prod je bio 200 na `/`, `/shop`, `/nalog`. Korak 06 nije ostavio ništa slomljeno — prešao sam odmah na svoj zadatak.

## Šta je urađeno

**Seed** — `convex/seedDemo.ts` + `npm run seed` / `npm run seed:clear`. 14 termina kroz tekuću nedelju (oba lokala, sva tri resursa, utorak ima tri manikira u 10:00 da se vide trake kapaciteta, ponedeljak nema Mimozu), 5 porudžbina po jedna u svakom statusu, jedna sa loyalty popustom, 3 člana sa istorijom, 2 poruke. Datumi od `startOfWeek(belgradeNow())`, ništa zakucano. Demo se prepoznaje po telefonu `0641230xxx` i imejlu `demo.beautybymasha.rs`, pa `clear` briše tačno to i ništa drugo. Provereno `run → run → clear → run`: isto stanje, clear vratio 14/5/3/3/2.

Logika `admin.init`/`seedShop` je izvučena u `convex/lib/seed.ts` da je zovu i panel i seed — ponašanje panela nepromenjeno.

**SEO** — dva `BeautySalon` entiteta sa različitim `@id`, adresom i radnim vremenom. Mimoza ponedeljkom ide kao `00:00–00:00` (Schema.org zapis za zatvoreno; preskočen dan Google čita kao „ne znamo"). Plus `Organization`, `WebSite`, `sitemap.ts`, `robots.ts`, `opengraph-image.tsx` iz `LogoMark`, `/nalog` prebačen na noindex. 9 novih testova.

**A11y/perf** — skip-link (prvi Tab, 44 px, `#sadrzaj` na svakom `<main>`), mint nigde kao tekst, reveal-provera prazna na `/` i `/shop` na 1440 i 390 px. `three` **nije** u početnom bundle-u: naslovna je 305 KB gzip, chunkovi sa `three` se u njenoj `<script>` listi ne pojavljuju, na 390 px 0 canvas elemenata.

**Dokumenti** — README (bio boilerplate), `docs/HANDOVER.md` za vlasnicu, `docs/STATUS.md` sa potpunim popisom `[POTVRDITI]`. Secrets: čisto, `.env*` ignorisan, nijedan pravi ključ u praćenim fajlovima.

## Dve stvari koje sam našao, a nisam dirao

1. **Produkcija nema `JWT_PRIVATE_KEY` ni `JWKS`** (`convex env list --prod` daje samo ADMIN_KEY, OWNER_EMAIL, SITE_URL). Bez njih se na prod-u niko ne može prijaviti — ni kupac ni vlasnica. To je izmena na produkciji, pa je ostavljena tebi: `npx @convex-dev/auth --prod`, iz Bash-a ne PowerShell-a.
2. **Produkciona baza je prazna** — sve večerašnje je na dev deployment-u. `npm run seed -- --prod`, pa `seed:clear -- --prod` pre nego što panel ode njoj.

Usput sam ispravio `Ljubicica` → `Ljubičica` u `data/site.json` (videlo se na sajtu), i `seedCore` sada sinhronizuje ime lokala u bazi.

## Završna provera
```
npx convex dev --once ✓   typecheck ✓   lint ✓   test ✓ 125/7   build ✓ 83 strane
```
Build je jednom pao sa `worker exited with code: 3221226356` — poznata Windows flake iz ranijih koraka; `rm -rf .next` pa ponovo prošao na istom kodu.


===== PROVERA: convex =====
▌ Developing against deployment:
▌ [Development] ckobasti77:beautybymasha:dev/jovan-milojevic (dev) (dashboard: https://dashboard.convex.dev/t/ckobasti77/beautybymasha/grand-bandicoot-904)
▌ └─ https://grand-bandicoot-904.eu-west-1.convex.cloud
- Preparing Convex functions...

[32m✔[39m 07:49:03 Convex functions ready! (1.19s)

===== PROVERA: typecheck =====

> beautybymasha@0.1.0 typecheck
> tsc --noEmit


===== PROVERA: lint =====

> beautybymasha@0.1.0 lint
> eslint


===== PROVERA: test =====

> beautybymasha@0.1.0 test
> vitest run


[1m[30m[46m RUN [49m[39m[22m [36mv5.0.0 [39m[90mC:/Users/admin/Desktop/Web Dev Projects/beautybymasha[39m

 [32m✓[39m lib/slots.test.ts [2m([22m[2m17 tests[22m[2m)[22m[32m 8[2mms[22m[39m
 [32m✓[39m components/admin/tabs/importFormat.test.ts [2m([22m[2m18 tests[22m[2m)[22m[32m 8[2mms[22m[39m
 [32m✓[39m lib/jsonLd.test.ts [2m([22m[2m9 tests[22m[2m)[22m[32m 6[2mms[22m[39m
 [32m✓[39m lib/cart.test.ts [2m([22m[2m12 tests[22m[2m)[22m[32m 7[2mms[22m[39m
 [32m✓[39m lib/data.test.ts [2m([22m[2m13 tests[22m[2m)[22m[32m 16[2mms[22m[39m
[90mstdout[2m | convex/bookings.test.ts[2m > [22m[2mkapacitet[2m > [22m[2mtri manikira u 10:00 prolaze, ČETVRTI pada
[22m[39mnotify.newRequest: RESEND_API_KEY nije postavljen — preskačem mejl (Manikir, 2026-09-09 10:00–10:45)
notify.newRequest: RESEND_API_KEY nije postavljen — preskačem mejl (Manikir, 2026-09-09 10:00–10:45)
notify.newRequest: RESEND_API_KEY nije postavljen — preskačem mejl (Manikir, 2026-09-09 10:00–10:45)

[90mstdout[2m | convex/bookings.test.ts[2m > [22m[2mradno vreme dva lokala[2m > [22m[2mscheduleOverride kind=off gasi ceo dan, custom ga otvara
[22m[39mnotify.newRequest: RESEND_API_KEY nije postavljen — preskačem mejl (Manikir, 2026-09-09 10:00–10:45)

[90mstdout[2m | convex/bookings.test.ts[2m > [22m[2mradno vreme dva lokala[2m > [22m[2mscheduleOverride kind=off gasi ceo dan, custom ga otvara
[22m[39mnotify.newRequest: RESEND_API_KEY nije postavljen — preskačem mejl (Manikir, 2026-09-09 10:00–10:45)

[90mstdout[2m | convex/bookings.test.ts[2m > [22m[2mradno vreme dva lokala[2m > [22m[2mscheduleOverride kind=off gasi ceo dan, custom ga otvara
[22m[39mnotify.newRequest: RESEND_API_KEY nije postavljen — preskačem mejl (Manikir, 2026-09-09 10:00–10:45)

[90mstdout[2m | convex/bookings.test.ts[2m > [22m[2mradno vreme dva lokala[2m > [22m[2mscheduleOverride kind=off gasi ceo dan, custom ga otvara
[22m[39mnotify.newRequest: RESEND_API_KEY nije postavljen — preskačem mejl (Terapeutska masaza - 30 min, 2026-09-09 10:00–10:30)

[90mstdout[2m | convex/bookings.test.ts[2m > [22m[2mradno vreme dva lokala[2m > [22m[2mscheduleOverride kind=off gasi ceo dan, custom ga otvara
[22m[39mnotify.newRequest: RESEND_API_KEY nije postavljen — preskačem mejl (Farbanje obrva, 2026-09-09 10:00–10:15)

[90mstdout[2m | convex/bookings.test.ts[2m > [22m[2mradno vreme dva lokala[2m > [22m[2mscheduleOverride kind=off gasi ceo dan, custom ga otvara
[22m[39mnotify.newRequest: RESEND_API_KEY nije postavljen — preskačem mejl (Manikir, 2026-09-09 10:00–10:45)

[90mstdout[2m | convex/bookings.test.ts[2m > [22m[2mradno vreme dva lokala[2m > [22m[2mscheduleOverride kind=off gasi ceo dan, custom ga otvara
[22m[39mnotify.newRequest: RESEND_API_KEY nije postavljen — preskačem mejl (Manikir, 2026-09-09 10:00–10:45)

[90mstdout[2m | convex/bookings.test.ts[2m > [22m[2mradno vreme dva lokala[2m > [22m[2mscheduleOverride kind=off gasi ceo dan, custom ga otvara
[22m[39mnotify.newRequest: RESEND_API_KEY nije postavljen — preskačem mejl (Manikir, 2026-09-09 10:00–10:45)

[90mstdout[2m | convex/bookings.test.ts[2m > [22m[2mradno vreme dva lokala[2m > [22m[2mscheduleOverride kind=off gasi ceo dan, custom ga otvara
[22m[39mnotify.newRequest: RESEND_API_KEY nije postavljen — preskačem mejl (Manikir, 2026-09-09 10:00–10:45)

[90mstdout[2m | convex/bookings.test.ts[2m > [22m[2mradno vreme dva lokala[2m > [22m[2mscheduleOverride kind=off gasi ceo dan, custom ga otvara
[22m[39mnotify.newRequest: RESEND_API_KEY nije postavljen — preskačem mejl (Manikir, 2026-09-09 10:00–10:45)

[90mstdout[2m | convex/bookings.test.ts[2m > [22m[2mradno vreme dva lokala[2m > [22m[2mscheduleOverride kind=off gasi ceo dan, custom ga otvara
[22m[39mnotify.newRequest: RESEND_API_KEY nije postavljen — preskačem mejl (Terapeutska masaza - 30 min, 2026-09-09 10:00–10:30)

[90mstdout[2m | convex/bookings.test.ts[2m > [22m[2mradno vreme dva lokala[2m > [22m[2mscheduleOverride kind=off gasi ceo dan, custom ga otvara
[22m[39mnotify.newRequest: RESEND_API_KEY nije postavljen — preskačem mejl (Terapeutska masaza - 30 min, 2026-09-09 10:00–10:30)

[90mstdout[2m | convex/bookings.test.ts[2m > [22m[2mradno vreme dva lokala[2m > [22m[2mscheduleOverride kind=off gasi ceo dan, custom ga otvara
[22m[39mnotify.newRequest: RESEND_API_KEY nije postavljen — preskačem mejl (Terapeutska masaza - 30 min, 2026-09-09 10:00–10:30)

[90mstdout[2m | convex/shop.test.ts[2m > [22m[2mkontakt forma[2m > [22m[2mprima poruku, odbija prekratku i ograničava slanje
[22m[39mnotify.newOrder: RESEND_API_KEY nije postavljen — preskačem mejl (BM-2609-0001)
notify.newOrder: RESEND_API_KEY nije postavljen — preskačem mejl (BM-2609-0001)
notify.newOrder: RESEND_API_KEY nije postavljen — preskačem mejl (BM-2609-0001)
notify.newOrder: RESEND_API_KEY nije postavljen — preskačem mejl (BM-2609-0002)
notify.newOrder: RESEND_API_KEY nije postavljen — preskačem mejl (BM-2609-0001)
notify.newOrder: RESEND_API_KEY nije postavljen — preskačem mejl (BM-2609-0001)
notify.newOrder: RESEND_API_KEY nije postavljen — preskačem mejl (BM-2609-0001)
notify.newOrder: RESEND_API_KEY nije postavljen — preskačem mejl (BM-2609-0002)
notify.newOrder: RESEND_API_KEY nije postavljen — preskačem mejl (BM-2609-0001)
notify.newOrder: RESEND_API_KEY nije postavljen — preskačem mejl (BM-2609-0001)
notify.newOrder: RESEND_API_KEY nije postavljen — preskačem mejl (BM-2609-0001)
notify.newOrder: RESEND_API_KEY nije postavljen — preskačem mejl (BM-2609-0001)
notify.newOrder: RESEND_API_KEY nije postavljen — preskačem mejl (BM-2609-0002)
notify.newOrder: RESEND_API_KEY nije postavljen — preskačem mejl (BM-2609-0003)

[90mstdout[2m | convex/shop.test.ts
[22m[39mnotify.newOrder: RESEND_API_KEY nije postavljen — preskačem mejl (BM-2609-0001)

 [32m✓[39m convex/shop.test.ts [2m([22m[2m28 tests[22m[2m)[22m[33m 657[2mms[22m[39m
[90mstdout[2m | convex/bookings.test.ts
[22m[39mnotify.newRequest: RESEND_API_KEY nije postavljen — preskačem mejl (Manikir, 2026-09-09 10:00–10:45)

[90mstdout[2m | convex/bookings.test.ts
[22m[39mnotify.newRequest: RESEND_API_KEY nije postavljen — preskačem mejl (Manikir, 2026-09-09 11:00–11:45)

[90mstdout[2m | convex/bookings.test.ts
[22m[39mnotify.newRequest: RESEND_API_KEY nije postavljen — preskačem mejl (Manikir, 2026-09-09 13:00–13:45)

[90mstdout[2m | convex/bookings.test.ts
[22m[39mnotify.newRequest: RESEND_API_KEY nije postavljen — preskačem mejl (Manikir, 2026-09-09 15:00–15:45)

[90mstdout[2m | convex/bookings.test.ts
[22m[39mnotify.newRequest: RESEND_API_KEY nije postavljen — preskačem mejl (Manikir, 2026-09-09 10:00–10:45)

[90mstdout[2m | convex/bookings.test.ts
[22m[39mnotify.newRequest: RESEND_API_KEY nije postavljen — preskačem mejl (Terapeutska masaza - 30 min, 2026-09-09 10:00–10:30)

[90mstdout[2m | convex/bookings.test.ts
[22m[39mnotify.newRequest: RESEND_API_KEY nije postavljen — preskačem mejl (Terapeutska masaza - 30 min, 2026-09-09 14:00–14:30)

[90mstdout[2m | convex/bookings.test.ts
[22m[39mnotify.newRequest: RESEND_API_KEY nije postavljen — preskačem mejl (Manikir, 2026-09-09 10:00–10:45)

[90mstdout[2m | convex/bookings.test.ts
[22m[39mnotify.newRequest: RESEND_API_KEY nije postavljen — preskačem mejl (Manikir, 2026-09-09 10:00–10:45)

[90mstdout[2m | convex/bookings.test.ts
[22m[39mnotify.newRequest: RESEND_API_KEY nije postavljen — preskačem mejl (Manikir, 2026-09-09 10:00–10:45)

[90mstdout[2m | convex/bookings.test.ts
[22m[39mnotify.newRequest: RESEND_API_KEY nije postavljen — preskačem mejl (Manikir, 2026-09-09 10:00–10:45)

[90mstdout[2m | convex/bookings.test.ts
[22m[39mnotify.newRequest: RESEND_API_KEY nije postavljen — preskačem mejl (Terapeutska masaza - 30 min, 2026-09-09 10:00–10:30)

[90mstdout[2m | convex/bookings.test.ts
[22m[39mnotify.newRequest: RESEND_API_KEY nije postavljen — preskačem mejl (Terapeutska masaza - 30 min, 2026-09-09 10:00–10:30)

[90mstdout[2m | convex/bookings.test.ts
[22m[39mnotify.newRequest: RESEND_API_KEY nije postavljen — preskačem mejl (Manikir, 2026-09-09 10:00–10:45)

 [32m✓[39m convex/bookings.test.ts [2m([22m[2m28 tests[22m[2m)[22m[33m 763[2mms[22m[39m

[2m Test Files [22m [1m[32m7 passed[39m[22m[90m (7)[39m
[2m      Tests [22m [1m[32m125 passed[39m[22m[90m (125)[39m
[2m   Start at [22m 07:49:15
[2m   Duration [22m 1.39s[2m (tests 41%, import 33%, transform 23%, environment 2%, worker 1%)[22m


===== PROVERA: build =====

> beautybymasha@0.1.0 build
> next build

▲ Next.js 16.3.4 (Turbopack)
- Environments: .env.local
✓ Running next.config.ts took 23ms

  Creating an optimized production build ...
✓ Compiled successfully in 3.3s
  Running TypeScript ...
  Finished TypeScript in 1755ms ...
  Collecting page data using 15 workers ...
  Generating static pages using 15 workers (0/83) ...
  Generating static pages using 15 workers (20/83) 
  Generating static pages using 15 workers (41/83) 
  Generating static pages using 15 workers (62/83) 
✓ Generating static pages using 15 workers (83/83) in 850ms
  Finalizing page optimization ...

Route (app)
┌ ○ /
├ ○ /_not-found
├ ƒ /admin
├ ○ /apple-icon
├ ○ /icon
├ ○ /korpa
├ ○ /nalog
├ ○ /opengraph-image
├ ○ /placanje
├ ○ /porudzbina
├ ○ /robots.txt
├ ○ /shop
├   /shop/[slug]
│ ├ ● /shop/vintage
│ ├ ● /shop/gumdrop
│ ├ ● /shop/kiss-the-bride
│ └ ● [+67 more paths]
└ ○ /sitemap.xml


○  (Static)   prerendered as static content
●  (SSG)      prerendered as static HTML (uses generateStaticParams)
ƒ  (Dynamic)  server-rendered on demand

